<?xml version="1.0" encoding="ISO-8859-1"?>

<XmlVfsBundles xmlns:xsi="http://www.w3.org/2001/XMLSchema-instance" xsi:noNamespaceSchemaLocation="opencms://system/modules/org.opencms.ade.config/schemas/xmlvfsbundle.xsd">
  <Bundle language="en">
    <Message>
      <Key><![CDATA[apollo.map.message.route]]></Key>
      <Value><![CDATA[Show route to this location:]]></Value>
    </Message>
    <Message>
      <Key><![CDATA[apollo.map.message.start]]></Key>
      <Value><![CDATA[Please enter your start address.]]></Value>
    </Message>
    <Message>
      <Key><![CDATA[apollo.map.message.route.button]]></Key>
      <Value><![CDATA[Show route]]></Value>
    </Message>
    <Message>
      <Key><![CDATA[apollo.map.message.button.showallmarkers]]></Key>
      <Value><![CDATA[Show all markers]]></Value>
    </Message>
    <Message>
      <Key><![CDATA[apollo.map.message.button.show]]></Key>
      <Value><![CDATA[Show]]></Value>
    </Message>
    <Message>
      <Key><![CDATA[apollo.map.message.button.showmarkers]]></Key>
      <Value><![CDATA[Show markers]]></Value>
    </Message>
    <Message>
      <Key><![CDATA[apollo.map.message.button.hidemarkers]]></Key>
      <Value><![CDATA[Hide markers]]></Value>
    </Message>
    <Message>
      <Key><![CDATA[apollo.map.message.new]]></Key>
      <Value><![CDATA[<strong>New map</strong>, please edit the content!]]></Value>
    </Message>
    <Message>
      <Key><![CDATA[apollo.map.message.edit]]></Key>
      <Value><![CDATA[The map configuration has changed. The page will be reloaded.]]></Value>
    </Message>
  </Bundle>
  <Bundle language="de">
    <Message>
      <Key><![CDATA[apollo.map.message.route]]></Key>
      <Value><![CDATA[Zeige Route zu diesem Ort:]]></Value>
    </Message>
    <Message>
      <Key><![CDATA[apollo.map.message.start]]></Key>
      <Value><![CDATA[Bitte geben Sie Ihre Start Adresse ein.]]></Value>
    </Message>
    <Message>
      <Key><![CDATA[apollo.map.message.route.button]]></Key>
      <Value><![CDATA[Zeige Route]]></Value>
    </Message>
    <Message>
      <Key><![CDATA[apollo.map.message.button.showallmarkers]]></Key>
      <Value><![CDATA[Zeige alle Marker]]></Value>
    </Message>
    <Message>
      <Key><![CDATA[apollo.map.message.button.show]]></Key>
      <Value><![CDATA[Zeige]]></Value>
    </Message>
    <Message>
      <Key><![CDATA[apollo.map.message.button.showmarkers]]></Key>
      <Value><![CDATA[Zeige Marker]]></Value>
    </Message>
    <Message>
      <Key><![CDATA[apollo.map.message.button.hidemarkers]]></Key>
      <Value><![CDATA[Verstecke Marker]]></Value>
    </Message>
    <Message>
      <Key><![CDATA[apollo.map.message.new]]></Key>
      <Value><![CDATA[<strong>Neue Karte</strong>, bitte bearbeiten Sie den Inhalt!]]></Value>
    </Message>
    <Message>
      <Key><![CDATA[apollo.map.message.edit]]></Key>
      <Value><![CDATA[Die Karte wurde bearbeitet. Die Seite wird neu geladen.]]></Value>
    </Message>
  </Bundle>
</XmlVfsBundles>
